// Vitest Snapshot v1

exports[`chain rpc > getXXX 1`] = `
{
  "digest": {
    "logs": [
      {
        "preRuntime": [
          "0x61757261",
          "0xf144470800000000",
        ],
      },
      {
        "seal": [
          "0x61757261",
          "0xdcda8a4510552aac316a4182ceca732d019876605367e62f2dbe766a0300523fcf49adfe174e74772375ba0472abe87aee4a9fdc92a8092e858d05189838528f",
        ],
      },
    ],
  },
  "extrinsicsRoot": "0xef277eb69bce528c705c3286ec7db1a3a949bb35757b9651e757dedb8fea0ac1",
  "number": 170000,
  "parentHash": "0xd146548de54577c1163549ab5469e9b33f52b937cb742cbeb0cec15f8f037400",
  "stateRoot": "0xe9e7f39d8daec432afa105d27055d2d9ff7daaa21dc59b1d2cdf4d1b2049756d",
}
`;

exports[`chain rpc > getXXX 2`] = `
{
  "digest": {
    "logs": [
      {
        "preRuntime": [
          "0x61757261",
          "0xf144470800000000",
        ],
      },
      {
        "seal": [
          "0x61757261",
          "0xdcda8a4510552aac316a4182ceca732d019876605367e62f2dbe766a0300523fcf49adfe174e74772375ba0472abe87aee4a9fdc92a8092e858d05189838528f",
        ],
      },
    ],
  },
  "extrinsicsRoot": "0xef277eb69bce528c705c3286ec7db1a3a949bb35757b9651e757dedb8fea0ac1",
  "number": 170000,
  "parentHash": "0xd146548de54577c1163549ab5469e9b33f52b937cb742cbeb0cec15f8f037400",
  "stateRoot": "0xe9e7f39d8daec432afa105d27055d2d9ff7daaa21dc59b1d2cdf4d1b2049756d",
}
`;

exports[`chain rpc > getXXX 3`] = `
{
  "digest": {
    "logs": [],
  },
  "extrinsicsRoot": "0x03170a2e7597b7b7e3d84c05391d139a62b157e78786d8c082f29dcf4c111314",
  "number": 0,
  "parentHash": "0x0000000000000000000000000000000000000000000000000000000000000000",
  "stateRoot": "0xac1cdbbdf9f845b5342dbe01d949f645c156455e5b360048d9d90fd9e47aafc8",
}
`;

exports[`chain rpc > getXXX 4`] = `
{
  "digest": {
    "logs": [
      {
        "preRuntime": [
          "0x61757261",
          "0x3a19440800000000",
        ],
      },
      {
        "seal": [
          "0x61757261",
          "0xe4e7868793cbb449af0d505184d75c2e0c2c9477ab701e0f41e7e66d23f6ff694480b36958887f53989809194dc088cedada24a66c824aec0a5ed5c311627784",
        ],
      },
    ],
  },
  "extrinsicsRoot": "0x4718d8a6e9acd0ce4da337646dff9a35d87574a154f87591cb96c0018246bc9f",
  "number": 1000,
  "parentHash": "0x59dc6da7274b08a0f861020d412f26a7ff8472eb3b9c58059a47b592c1b0b822",
  "stateRoot": "0xb969863ed89f40e83dc2e3b2b9b64ed22ed17a789ec826f0e14c60d976c94e42",
}
`;

exports[`chain rpc > getXXX 5`] = `
{
  "block": {
    "extrinsics": [
      "0x280401000baab8bf0c8401",
      "0x352c04a000e902bf9e5792eb88003957bad8a83410c9e8cf93ba9c8292598b3d229d99c1b784a33e600a006565a85ae6f94f767bd1cc506b80267812e8ac0f690aef0003cd9b902544f4c9cb99041afd99dab359c27a8bc9e8cd0602ef29f95a606cfb7b152359f5d6797308066175726120f04447080000000005617572610101526216522711e9687736e37ca3acf82b6978b00d993fb9757bcdacdd309755289f9f88b80d49adcb13effbef36266f20891482041877c6af4d2cbe16d34b35893a67060003331d6f6a6b78c40d0053aa6030825806a8d7d6ad31c5bbdc9f8ce24a9c7e590000500050c45e414cb008e0e61e46722aa60abdd672804ad05c511add615743b8e1905f9fc03aeaa2f739ed740ddf64c0c033eb4ae009c85e77dfdb8adb10f78f10a5df8742c5458401879d7a41150bc95af38bf91666e342396fc6e488ed20e8964c93732bb37e1068c45ee678799d3eff024253b90e84927cc68070bc0f68da59b293d5159641b7491e4854cbe0f61705d347d40ce8293c466a5645035f04b49d95320d9021994c850f25b8e385f902000030000080000008000000000010000000100005000000050000000a0000000a000000000050000000100000e8764817000000040000000400000000000000000000000000000000000000000000000000000000000000000000000800000000200000040000000400000000001000b0040000000000000000000014000000040000000400000000000000010100000000060000006400000002000000c8000000020000001900000000000000020000000200000000c817a804000000150180001480107cf84336993ad7d28d7f195115281b0c2c0e5c60dcb075b3be492668e99d9c8094870676a8857b7f47fdbb58d91b2248d6f0eb5baef1c0cf63bc9af4f23877d91501800110801abb2528ab08129e8f73b13213dcd7e050c02fcd767f95a06e63e5e026eca9ca800ebe650369ce0e3ce85b22816181f598cc6ecf7a3b22314357ab4181b9ccb867150180011080fa8ce71940fba284820569ae3df83d716c38a2731bf1b51fcae843f154f269838081bd92abcce2c45d45778a60d49f5ee368628c80d1baa35436041a6190900a781d028004648086a9239b72237f5bf119e2a880c32f5866460632700509cb874c60f67fe815ea80f6f6801e4b41e2e6d8ec194dba122bfb9eb33feb2545ef5144cea79551f7cc5280bd7dde49ad9ba15c49c5e30e196a48c1fee43dfa124b2f587ef0c0fcdb86af14803cee25f80d4fb48f0087b00720105e2db0303a77c4607cdc5ad934f9ce3cbb331501800804809f3ada68c357b5e0a3ebb39ef181acfa9943af4725c244330a4b2c60837612e880fc29929e9064e757475191b9f1e9c3ed0c8af60e1b1e10164019a93b94e482b9dc8008208042793f557c1d003b647e2eda79c2b5088c7d8cab2e82c1dcc87f4343cca91ae4485ead6eef5c4b1c68eaa71ea17a02d9de0400a102801017806ad8bda250a43737b26933c1b7bebe6f4fe689b2888ff5ab4833d7394853350f8038f5c136db5bdb74d6a62722e6ea23af4fe820eb7fe28dee3a5f76d637dd3376804d0bbc9a8327ee27bff28ddfd9941700aa74b39d2b2c33fdbe82719096b4c90c8065a1214a991ac85d93f38385d6f52af7b4ddcf56e589fcb92c8d9e8f27291c928045aac7c10cae0118be9f2d2d6d7f7b09d66cc2bbb5cf38ef72b4bfc7518f13c79901802102801508faffa9cbc3be5fee673f6f129da6ea15933959d8848b6a669479950f3bce801a2ff24096295cfccf1adda80b8dfffe380b9f3b54d7a3cdb67864a4655e62968022a699b2cc90a6654c84163d2a498506b192afe7cd9777227e5288e8ff069c0f150180400180ebebd1a1cd0bbc6714b7fb0ac854cca5a4c4e34e69485da48be3c8087b56e09b80128645c79ca6581c248a412fd7b8bc532a187600e6e1cc20c915538ba4df6a79450780ffbe80d9302a505e2b1ac931f539aed33bf791d1982906ae64c7197324044f191e9bca806185d249bd49d18c1f42a10227b7fcce65573ccdab2b85634c2029cc9d50206d80a0ecbd28f846674c795941f911b715531d92c3bf4fd7f48f1d65ed567bd813e6808744778220b3c4ef3380d22e4bd84712db738b31c64d56e787d25500b89172d58006cc5d6181173f2a5c9f8f9d63614bd388a7a8880a519ff8719d8a48e708797a807ac7ad640e5b39bccfba7b7a90c914b3f6cf7167fec5d761a7eef1401787f44780d3039f8178f0c8f91f9d11b873f1ffca682bd71dc8eac517137820c2362f298e80b1f4de7c3ac5665016d561a60659cd2d8f2d3e0a97e2ea9749279bd8e35eb1f180c981b5ddff8fc4954513a65585fcb68426d8bd8650beb484d82aa702fadce2db80e5b4c19b8dd4e42b3f3a983c8f4ac524536c870f710a609a341d41a1e6a12abc80bc4c88f1112d96b8b1aa6db4dd80ec3393f7d3049a18fefac9eb5619ffe956488021bd2248b55fdcd564dc6201d7a53b866fe4cad56a880906413e5c8cdafd7608805a44c30e2676dc2d4c17451f51d9502e85064387999f366e6f3d404509a7780f8012b17b181f7cb0c2b647681c56ac20b81f5743634f321a07527f8670007b971bf1019d0da05ca59913bc38a8630590f2627c154080573234ab7b8ea921a877336cdd92844f1ebff21bac91e1b8615d59eda75542aa4c5f0a351b6a99a5b21324516e668bb86a570400505f0e7b9012096b41c4eb3aaf947f6ea4290800007c7700e67da63472835bb0b737093a19ad4c63f5a4efb16ffa83d00700000400ec9e207f03cfdce586301014700e2c25931040505f0e7b9012096b41c4eb3aaf947f6ea4290800004c5f0ec2d17a76153ff51817f12d9cfc3c7f040085049e710b30bd2eab0352ddcc26417aa1945fc180699a53b51a9709a3a86039c49b5ef278e9fc244dae27e1a0380c91bff5b04885806517fa7c024d461b9de239446ffb4e8bfa95c5c19c5e9a34215220ac73404e3b7c77081e0bfde17b36573208a06cb5cfba6b63f5a4efb16ffa83d00700000402803d0ae0b8f6832e8fabf0ec62521c2487c58b69eb97060faa8059b00ff6b7262d505f0e7b9012096b41c4eb3aaf947f6ea4290800004c5f03c716fb8fff3de61a883bb76adb34a20400806c8122e0f7f786071d6a51b330d612eccdcbe8d8f79936accabd640506dffdf380a6abfb72ed49b586829cca4ce631c092d45a017ab0d68288d308873025cfe5d280521b868fc212b25f021984cf02ced547cd45952b88360766839dfde7d4683e61f9049eb6f36e027abb2091cfb5110ab5087ff96c685f06155b3cd9a8c9e5e9a23fd5dc13a5ed20e3898e1000000000685f08316cbf8fa0da822a20ac1c55bf1be320ac10000000000000505f0e7b9012096b41c4eb3aaf947f6ea42908000080e63c6175a901b4879d3c394e46980fb04e78755f0835d3bbf7c5f414cba07df280a75b29e0e24889a69c6b8c37a437692b76ca9aa52ab78997098b79da5c34a31a80adbcfb1caf75da96d96da16f9aec647438078d2a31b97cf5ffcc8d849b06fdd4800f52715d71fe1c37787c148742c2476aadc24f49210fbc78bc78548c1a9544b6809bd716c27afda911f4baf72a77bf4d47d6382fc5ce4a5efb3462ce30feb9a7d880d7429921cd4fb696956ce95594daeb15fba6105574c478b693bf52b534c6d9d6685f090e2fbf2d792cb324bffa9427fe1f0e2092660600f666060021019ede3d8a54d27e44a9d5ce189618f22d1008505f0e7b9012096b41c4eb3aaf947f6ea42908010080c74756edffa217dfb07ab596d82753deff985ac215e5cc2997d29afe1d397c161d019ef78c98723ddc9073523ef3beefda0c1004505f0e7b9012096b41c4eb3aaf947f6ea4290800007c77095dac46c07a40d91506e7637ec4ba5763f5a4efb16ffa83d007000004000000",
    ],
    "header": {
      "digest": {
        "logs": [
          {
            "preRuntime": [
              "0x61757261",
              "0xf144470800000000",
            ],
          },
          {
            "seal": [
              "0x61757261",
              "0xdcda8a4510552aac316a4182ceca732d019876605367e62f2dbe766a0300523fcf49adfe174e74772375ba0472abe87aee4a9fdc92a8092e858d05189838528f",
            ],
          },
        ],
      },
      "extrinsicsRoot": "0xef277eb69bce528c705c3286ec7db1a3a949bb35757b9651e757dedb8fea0ac1",
      "number": 170000,
      "parentHash": "0xd146548de54577c1163549ab5469e9b33f52b937cb742cbeb0cec15f8f037400",
      "stateRoot": "0xe9e7f39d8daec432afa105d27055d2d9ff7daaa21dc59b1d2cdf4d1b2049756d",
    },
  },
  "justifications": null,
}
`;

exports[`chain rpc > getXXX 6`] = `
{
  "block": {
    "extrinsics": [
      "0x280401000baab8bf0c8401",
      "0x352c04a000e902bf9e5792eb88003957bad8a83410c9e8cf93ba9c8292598b3d229d99c1b784a33e600a006565a85ae6f94f767bd1cc506b80267812e8ac0f690aef0003cd9b902544f4c9cb99041afd99dab359c27a8bc9e8cd0602ef29f95a606cfb7b152359f5d6797308066175726120f04447080000000005617572610101526216522711e9687736e37ca3acf82b6978b00d993fb9757bcdacdd309755289f9f88b80d49adcb13effbef36266f20891482041877c6af4d2cbe16d34b35893a67060003331d6f6a6b78c40d0053aa6030825806a8d7d6ad31c5bbdc9f8ce24a9c7e590000500050c45e414cb008e0e61e46722aa60abdd672804ad05c511add615743b8e1905f9fc03aeaa2f739ed740ddf64c0c033eb4ae009c85e77dfdb8adb10f78f10a5df8742c5458401879d7a41150bc95af38bf91666e342396fc6e488ed20e8964c93732bb37e1068c45ee678799d3eff024253b90e84927cc68070bc0f68da59b293d5159641b7491e4854cbe0f61705d347d40ce8293c466a5645035f04b49d95320d9021994c850f25b8e385f902000030000080000008000000000010000000100005000000050000000a0000000a000000000050000000100000e8764817000000040000000400000000000000000000000000000000000000000000000000000000000000000000000800000000200000040000000400000000001000b0040000000000000000000014000000040000000400000000000000010100000000060000006400000002000000c8000000020000001900000000000000020000000200000000c817a804000000150180001480107cf84336993ad7d28d7f195115281b0c2c0e5c60dcb075b3be492668e99d9c8094870676a8857b7f47fdbb58d91b2248d6f0eb5baef1c0cf63bc9af4f23877d91501800110801abb2528ab08129e8f73b13213dcd7e050c02fcd767f95a06e63e5e026eca9ca800ebe650369ce0e3ce85b22816181f598cc6ecf7a3b22314357ab4181b9ccb867150180011080fa8ce71940fba284820569ae3df83d716c38a2731bf1b51fcae843f154f269838081bd92abcce2c45d45778a60d49f5ee368628c80d1baa35436041a6190900a781d028004648086a9239b72237f5bf119e2a880c32f5866460632700509cb874c60f67fe815ea80f6f6801e4b41e2e6d8ec194dba122bfb9eb33feb2545ef5144cea79551f7cc5280bd7dde49ad9ba15c49c5e30e196a48c1fee43dfa124b2f587ef0c0fcdb86af14803cee25f80d4fb48f0087b00720105e2db0303a77c4607cdc5ad934f9ce3cbb331501800804809f3ada68c357b5e0a3ebb39ef181acfa9943af4725c244330a4b2c60837612e880fc29929e9064e757475191b9f1e9c3ed0c8af60e1b1e10164019a93b94e482b9dc8008208042793f557c1d003b647e2eda79c2b5088c7d8cab2e82c1dcc87f4343cca91ae4485ead6eef5c4b1c68eaa71ea17a02d9de0400a102801017806ad8bda250a43737b26933c1b7bebe6f4fe689b2888ff5ab4833d7394853350f8038f5c136db5bdb74d6a62722e6ea23af4fe820eb7fe28dee3a5f76d637dd3376804d0bbc9a8327ee27bff28ddfd9941700aa74b39d2b2c33fdbe82719096b4c90c8065a1214a991ac85d93f38385d6f52af7b4ddcf56e589fcb92c8d9e8f27291c928045aac7c10cae0118be9f2d2d6d7f7b09d66cc2bbb5cf38ef72b4bfc7518f13c79901802102801508faffa9cbc3be5fee673f6f129da6ea15933959d8848b6a669479950f3bce801a2ff24096295cfccf1adda80b8dfffe380b9f3b54d7a3cdb67864a4655e62968022a699b2cc90a6654c84163d2a498506b192afe7cd9777227e5288e8ff069c0f150180400180ebebd1a1cd0bbc6714b7fb0ac854cca5a4c4e34e69485da48be3c8087b56e09b80128645c79ca6581c248a412fd7b8bc532a187600e6e1cc20c915538ba4df6a79450780ffbe80d9302a505e2b1ac931f539aed33bf791d1982906ae64c7197324044f191e9bca806185d249bd49d18c1f42a10227b7fcce65573ccdab2b85634c2029cc9d50206d80a0ecbd28f846674c795941f911b715531d92c3bf4fd7f48f1d65ed567bd813e6808744778220b3c4ef3380d22e4bd84712db738b31c64d56e787d25500b89172d58006cc5d6181173f2a5c9f8f9d63614bd388a7a8880a519ff8719d8a48e708797a807ac7ad640e5b39bccfba7b7a90c914b3f6cf7167fec5d761a7eef1401787f44780d3039f8178f0c8f91f9d11b873f1ffca682bd71dc8eac517137820c2362f298e80b1f4de7c3ac5665016d561a60659cd2d8f2d3e0a97e2ea9749279bd8e35eb1f180c981b5ddff8fc4954513a65585fcb68426d8bd8650beb484d82aa702fadce2db80e5b4c19b8dd4e42b3f3a983c8f4ac524536c870f710a609a341d41a1e6a12abc80bc4c88f1112d96b8b1aa6db4dd80ec3393f7d3049a18fefac9eb5619ffe956488021bd2248b55fdcd564dc6201d7a53b866fe4cad56a880906413e5c8cdafd7608805a44c30e2676dc2d4c17451f51d9502e85064387999f366e6f3d404509a7780f8012b17b181f7cb0c2b647681c56ac20b81f5743634f321a07527f8670007b971bf1019d0da05ca59913bc38a8630590f2627c154080573234ab7b8ea921a877336cdd92844f1ebff21bac91e1b8615d59eda75542aa4c5f0a351b6a99a5b21324516e668bb86a570400505f0e7b9012096b41c4eb3aaf947f6ea4290800007c7700e67da63472835bb0b737093a19ad4c63f5a4efb16ffa83d00700000400ec9e207f03cfdce586301014700e2c25931040505f0e7b9012096b41c4eb3aaf947f6ea4290800004c5f0ec2d17a76153ff51817f12d9cfc3c7f040085049e710b30bd2eab0352ddcc26417aa1945fc180699a53b51a9709a3a86039c49b5ef278e9fc244dae27e1a0380c91bff5b04885806517fa7c024d461b9de239446ffb4e8bfa95c5c19c5e9a34215220ac73404e3b7c77081e0bfde17b36573208a06cb5cfba6b63f5a4efb16ffa83d00700000402803d0ae0b8f6832e8fabf0ec62521c2487c58b69eb97060faa8059b00ff6b7262d505f0e7b9012096b41c4eb3aaf947f6ea4290800004c5f03c716fb8fff3de61a883bb76adb34a20400806c8122e0f7f786071d6a51b330d612eccdcbe8d8f79936accabd640506dffdf380a6abfb72ed49b586829cca4ce631c092d45a017ab0d68288d308873025cfe5d280521b868fc212b25f021984cf02ced547cd45952b88360766839dfde7d4683e61f9049eb6f36e027abb2091cfb5110ab5087ff96c685f06155b3cd9a8c9e5e9a23fd5dc13a5ed20e3898e1000000000685f08316cbf8fa0da822a20ac1c55bf1be320ac10000000000000505f0e7b9012096b41c4eb3aaf947f6ea42908000080e63c6175a901b4879d3c394e46980fb04e78755f0835d3bbf7c5f414cba07df280a75b29e0e24889a69c6b8c37a437692b76ca9aa52ab78997098b79da5c34a31a80adbcfb1caf75da96d96da16f9aec647438078d2a31b97cf5ffcc8d849b06fdd4800f52715d71fe1c37787c148742c2476aadc24f49210fbc78bc78548c1a9544b6809bd716c27afda911f4baf72a77bf4d47d6382fc5ce4a5efb3462ce30feb9a7d880d7429921cd4fb696956ce95594daeb15fba6105574c478b693bf52b534c6d9d6685f090e2fbf2d792cb324bffa9427fe1f0e2092660600f666060021019ede3d8a54d27e44a9d5ce189618f22d1008505f0e7b9012096b41c4eb3aaf947f6ea42908010080c74756edffa217dfb07ab596d82753deff985ac215e5cc2997d29afe1d397c161d019ef78c98723ddc9073523ef3beefda0c1004505f0e7b9012096b41c4eb3aaf947f6ea4290800007c77095dac46c07a40d91506e7637ec4ba5763f5a4efb16ffa83d007000004000000",
    ],
    "header": {
      "digest": {
        "logs": [
          {
            "preRuntime": [
              "0x61757261",
              "0xf144470800000000",
            ],
          },
          {
            "seal": [
              "0x61757261",
              "0xdcda8a4510552aac316a4182ceca732d019876605367e62f2dbe766a0300523fcf49adfe174e74772375ba0472abe87aee4a9fdc92a8092e858d05189838528f",
            ],
          },
        ],
      },
      "extrinsicsRoot": "0xef277eb69bce528c705c3286ec7db1a3a949bb35757b9651e757dedb8fea0ac1",
      "number": 170000,
      "parentHash": "0xd146548de54577c1163549ab5469e9b33f52b937cb742cbeb0cec15f8f037400",
      "stateRoot": "0xe9e7f39d8daec432afa105d27055d2d9ff7daaa21dc59b1d2cdf4d1b2049756d",
    },
  },
  "justifications": null,
}
`;

exports[`chain rpc > getXXX 7`] = `
{
  "block": {
    "extrinsics": [],
    "header": {
      "digest": {
        "logs": [],
      },
      "extrinsicsRoot": "0x03170a2e7597b7b7e3d84c05391d139a62b157e78786d8c082f29dcf4c111314",
      "number": 0,
      "parentHash": "0x0000000000000000000000000000000000000000000000000000000000000000",
      "stateRoot": "0xac1cdbbdf9f845b5342dbe01d949f645c156455e5b360048d9d90fd9e47aafc8",
    },
  },
  "justifications": null,
}
`;

exports[`chain rpc > getXXX 8`] = `
{
  "block": {
    "extrinsics": [
      "0x280401000b66961e788301",
      "0x2d2c04a000e102794d5c9dc013ffd02738d655981a601aebb020fb1178c96752f3e4f20bcd8a489d0f5469621269aa51672b7b0c9c26afedfd2e3342b09432b225f0e35025c67edbe6966380907ddcf84eca4748ddb6c0f44e942294a6709d57d0c6adeba78ae58e6208066175726120391944080000000005617572610101483979e052c75e788dea99ae2895a612a7925ea67990ba1b286122bfee0a1052bebb8fbf9e179dde5dbdc336e51ab55e70d9021059f92a54bd791f958e0840838d2b00008d64c361e3e24b7e7a1e9ee25ea9f2799e47020fa09a7179d63b1284a8244a0c0000500050c45e414cb008e0e61e46722aa60abdd672804901f13f210ccf72a1c5aa0c2c69e14cea0e9a1ad76847b1a18584c8012bb87bc85e77dfdb8adb10f78f10a5df8742c545840133a9fe3e13e53ba54bd007aa05c15c355fe5dd381edbd862134fd532f5da59c6c45ee678799d3eff024253b90e84927cc680c048140b693fde595f0cce122264404b1aab1ee274c4ac31a3efca5de68c29ca45035f04b49d95320d9021994c850f25b8e385f902000030000080000008000000000010000000100005000000050000000a0000000a000000000050000000100000e8764817000000040000000400000000000000000000000000000000000000000000000000000000000000000000000800000000200000040000000400000000001000b0040000000000000000000014000000040000000400000000000000010100000000060000006400000002000000c8000000020000001900000000000000020000000200000000c817a80400000015018000148035825c76b9def29448b674763e05a87f0b673f44d96ff5e1ac136b164e83376e80dd25b322de052e23fab03378d75ff31140162bafd3fac624f077443eb6bc6b051501800110804deae9a93388c4598d392cacec8e95a17d9e2cd41facb0dc49373ae40591f1e78035890e4d2e9ab28aeeccca65e0d89f09c507a0d0bb380cdf76c9cbfec86583ee150180011080dd2ff6eba47b47f023a3990adec164988049ae81e11025d4e82eb86efad84e89800ebe650369ce0e3ce85b22816181f598cc6ecf7a3b22314357ab4181b9ccb8671d028004648086a9239b72237f5bf119e2a880c32f5866460632700509cb874c60f67fe815ea80f6f6801e4b41e2e6d8ec194dba122bfb9eb33feb2545ef5144cea79551f7cc528028a1109c26d12a97d1304804528be60d908cd5b4098538185155a0f9ebb55ea680a681eadd479051303d6d8e4564dc6d6bc48c084cdbf37be286e53ce0131fb9a01501800804809f3ada68c357b5e0a3ebb39ef181acfa9943af4725c244330a4b2c60837612e880d1c022eac4b978ff4ae8e4b23d2998d1d4e550bc0b49f08457f1f1c5415aae08dc800820807ad78cf2b57ffacc81eb1cdf31e2563169c7ecee6a8e21a9a092da78cf0c7ddf485ead6eef5c4b1c68eaa71ea17a02d9de0400a102801017806ad8bda250a43737b26933c1b7bebe6f4fe689b2888ff5ab4833d7394853350f8038f5c136db5bdb74d6a62722e6ea23af4fe820eb7fe28dee3a5f76d637dd337680c1494c38f4832036796f487b3ea200956f3520280403b523b7e975c2cfe709d88065a1214a991ac85d93f38385d6f52af7b4ddcf56e589fcb92c8d9e8f27291c92808aaec69251393b5438cefef9bbbfb53280afa276cb4cdfdc5a9b7073d4e560fb990180210280327e9a2f6e6d30d961152b317f37437cc3712d08f82e7fc5e52bbf65309fd8bd801a2ff24096295cfccf1adda80b8dfffe380b9f3b54d7a3cdb67864a4655e62968022a699b2cc90a6654c84163d2a498506b192afe7cd9777227e5288e8ff069c0f150180400180ebebd1a1cd0bbc6714b7fb0ac854cca5a4c4e34e69485da48be3c8087b56e09b80128645c79ca6581c248a412fd7b8bc532a187600e6e1cc20c915538ba4df6a79450780ffbe80d9302a505e2b1ac931f539aed33bf791d1982906ae64c7197324044f191e9bca80dffbd03f623c8e8f71b4d5ba71dc29ab461211359bac6ca6f93b0b452d05fb32807284feb501282dae6d3a20f317f20c00bfa21ea1c1222a76d1d8a3c0f072a5fc80263b9e432d80872460174400ea70f7a21993a8f4f09e76e81f68cb50d882822080653da6b4c4715068cd65cee7f0651ca4a555578103e23520be97a47d1e7fe6b88093761f8dbdbc5b127f37c21f7021a04e4ee41bff662a6fce9221fcc13bbad6ce80ae60d9e6d94506c0565e5d442b14bf9eadf42016012d773f0709ddde2d7d10f180b1f4de7c3ac5665016d561a60659cd2d8f2d3e0a97e2ea9749279bd8e35eb1f18008e51ffeac22ef8e782e96b65daf319fea86d549a505c7662fcfc88f3a65e9be804a3ac3a82f56dc1edb7c7147f5c05c16a8500849355e6b13daa81c9901c26b0980e75c76d1eeb7d7ee03027d32fc34b2448cdce49005e23e617405fc477b9accec8013f4c7dd2b3d217dbdcb8d1495dca0b785d87f44e37b9062a37bb1873e30cdc180d35a5f25786613c30e8c9a9fefce1a1a85fd88c166becab8a9ec52dfc33a7c5f80cfd5637f90303a6a2e2deb77a3aa807f4bfae19febf75885ca8034fc86b89071f1019d0da05ca59913bc38a8630590f2627c154080c8e5a1d04a7d329582a6bd5b5609cd573bd628c34e78a390771e86127546cf854c5f0a351b6a99a5b21324516e668bb86a570400505f0e7b9012096b41c4eb3aaf947f6ea4290800007c7700e67da63472835bb0b737093a19ad4c63f5a4efb16ffa83d00700000400ec9e207f03cfdce586301014700e2c25931040505f0e7b9012096b41c4eb3aaf947f6ea4290800004c5f0ec2d17a76153ff51817f12d9cfc3c7f040085049e710b30bd2eab0352ddcc26417aa1945fc180699a53b51a9709a3a86039c49b5ef278e9fc244dae27e1a0380c91bff5b048858027f3d0c7dac37acc01ef0b7072ec2cbb64f325a7eaff28578277b5dbb6b5ed967c77081e0bfde17b36573208a06cb5cfba6b63f5a4efb16ffa83d0070000040280699ada0fcb4256a3c1bdb2a90d54e9ef3cf0e168f97bf7c340c5c7860629b8ab505f0e7b9012096b41c4eb3aaf947f6ea4290800004c5f03c716fb8fff3de61a883bb76adb34a20400803882ebe32e71c58a417fc73a504ca46f703518c01bd1d2cd49e57f7ddeec6bc08039a06e50c381ea8a79dcaf77b98a29ede3605ed9d767fbd916114c1acc2bc86880afb44e33b463b43668c967e8b1d6810ba76a0e260b94956400943e7f8aa99ca9f9049eb6f36e027abb2091cfb5110ab5087ff96c685f06155b3cd9a8c9e5e9a23fd5dc13a5ed207532881000000000685f08316cbf8fa0da822a20ac1c55bf1be3207000000000000000505f0e7b9012096b41c4eb3aaf947f6ea42908000080e63c6175a901b4879d3c394e46980fb04e78755f0835d3bbf7c5f414cba07df280a75b29e0e24889a69c6b8c37a437692b76ca9aa52ab78997098b79da5c34a31a80791324bbd3cf9c45465ecb6c0e8345c4ded97da6e4a566192b739d686b34db92800f52715d71fe1c37787c148742c2476aadc24f49210fbc78bc78548c1a9544b6804a7f6dc2f4a66cac8cdf607ebca881235ba5330de4c56c3edf5e606963ab109b8068ddd8ddcdfd634a195eb5fc79253b566489d43d70860df98cb81dc6abb2b3a1685f090e2fbf2d792cb324bffa9427fe1f0e20e32a0000472b000021019ede3d8a54d27e44a9d5ce189618f22d1008505f0e7b9012096b41c4eb3aaf947f6ea42908010080c74756edffa217dfb07ab596d82753deff985ac215e5cc2997d29afe1d397c161d019ef78c98723ddc9073523ef3beefda0c1004505f0e7b9012096b41c4eb3aaf947f6ea4290800007c77095dac46c07a40d91506e7637ec4ba5763f5a4efb16ffa83d007000004000000",
    ],
    "header": {
      "digest": {
        "logs": [
          {
            "preRuntime": [
              "0x61757261",
              "0x3a19440800000000",
            ],
          },
          {
            "seal": [
              "0x61757261",
              "0xe4e7868793cbb449af0d505184d75c2e0c2c9477ab701e0f41e7e66d23f6ff694480b36958887f53989809194dc088cedada24a66c824aec0a5ed5c311627784",
            ],
          },
        ],
      },
      "extrinsicsRoot": "0x4718d8a6e9acd0ce4da337646dff9a35d87574a154f87591cb96c0018246bc9f",
      "number": 1000,
      "parentHash": "0x59dc6da7274b08a0f861020d412f26a7ff8472eb3b9c58059a47b592c1b0b822",
      "stateRoot": "0xb969863ed89f40e83dc2e3b2b9b64ed22ed17a789ec826f0e14c60d976c94e42",
    },
  },
  "justifications": null,
}
`;

exports[`chain rpc > subscribeNewHeads 1`] = `
{
  "digest": {
    "logs": [
      {
        "preRuntime": [
          "0x61757261",
          "0xf144470800000000",
        ],
      },
      {
        "seal": [
          "0x61757261",
          "0xdcda8a4510552aac316a4182ceca732d019876605367e62f2dbe766a0300523fcf49adfe174e74772375ba0472abe87aee4a9fdc92a8092e858d05189838528f",
        ],
      },
    ],
  },
  "extrinsicsRoot": "0xef277eb69bce528c705c3286ec7db1a3a949bb35757b9651e757dedb8fea0ac1",
  "number": 170000,
  "parentHash": "0xd146548de54577c1163549ab5469e9b33f52b937cb742cbeb0cec15f8f037400",
  "stateRoot": "0xe9e7f39d8daec432afa105d27055d2d9ff7daaa21dc59b1d2cdf4d1b2049756d",
}
`;
