// Vitest Snapshot v1, https://vitest.dev/guide/snapshot.html

exports[`chain rpc > getXXX 1`] = `
{
  "digest": {
    "logs": [
      {
        "preRuntime": [
          "0x61757261",
          "0x107e610800000000",
        ],
      },
      {
        "seal": [
          "0x61757261",
          "0x9cdf9b9fec5d8820a9c6d47dffe4f4616897ae8b4607613c246229be79c1366735d35597a9e68fd8a399aa502020f8f8d83e5c70c5f9754c01f79b602c147d8e",
        ],
      },
    ],
  },
  "extrinsicsRoot": "0x25af5111edadd24ed8fd3d7005a00756d12e1f6a4cb08718b80491c998cf6b82",
  "number": 150310,
  "parentHash": "0x8c08f976ecb2c6951a687dcc742d6667c7a79e0284b54f8d95602abd60ca2a7b",
  "stateRoot": "0x80b7150490d7fff89d0a105b01c1ff5b376c8841559dee8cedc90ff3292e1ab3",
}
`;

exports[`chain rpc > getXXX 2`] = `
{
  "digest": {
    "logs": [
      {
        "preRuntime": [
          "0x61757261",
          "0x107e610800000000",
        ],
      },
      {
        "seal": [
          "0x61757261",
          "0x9cdf9b9fec5d8820a9c6d47dffe4f4616897ae8b4607613c246229be79c1366735d35597a9e68fd8a399aa502020f8f8d83e5c70c5f9754c01f79b602c147d8e",
        ],
      },
    ],
  },
  "extrinsicsRoot": "0x25af5111edadd24ed8fd3d7005a00756d12e1f6a4cb08718b80491c998cf6b82",
  "number": 150310,
  "parentHash": "0x8c08f976ecb2c6951a687dcc742d6667c7a79e0284b54f8d95602abd60ca2a7b",
  "stateRoot": "0x80b7150490d7fff89d0a105b01c1ff5b376c8841559dee8cedc90ff3292e1ab3",
}
`;

exports[`chain rpc > getXXX 3`] = `
{
  "digest": {
    "logs": [],
  },
  "extrinsicsRoot": "0x03170a2e7597b7b7e3d84c05391d139a62b157e78786d8c082f29dcf4c111314",
  "number": 0,
  "parentHash": "0x0000000000000000000000000000000000000000000000000000000000000000",
  "stateRoot": "0x56ab2235f84930fc77ea7562081b9f9d02d6bb228fc47213dafd1bab40fa5475",
}
`;

exports[`chain rpc > getXXX 4`] = `
{
  "digest": {
    "logs": [
      {
        "preRuntime": [
          "0x61757261",
          "0x19255f0800000000",
        ],
      },
      {
        "seal": [
          "0x61757261",
          "0x4a57f2d67786e4d598209c5925e395705323afe73031347755175e1043e01a5406ea8d73ea43e54f3fcec4da3cd8f4d3d730eb4d81317b97d53a0bd6a86c838a",
        ],
      },
    ],
  },
  "extrinsicsRoot": "0x0081aa6655c5099198b72d3dbb0b7afcdf7acce010f9f76af9f68fb61692d789",
  "number": 1000,
  "parentHash": "0xe31371d4bc6ce0d70a7429af4cbabae568307f21dcf8e29ee0284ec5e5fd8c41",
  "stateRoot": "0x8d41e0ad74d4c7695d65dc4ddbcff3fc3fed806e4205e8b7d27a88314267cb63",
}
`;

exports[`chain rpc > getXXX 5`] = `
{
  "block": {
    "extrinsics": [
      "0x280401000bac45f5d98801",
      "0xc12f04a000e90271bf740b839b4cd479c27d19812ecdc4f71c0b9473c1fee3b0fe4c332d1a0294962c09002e09a187ac50f711cb69cf9f14d4eb93328067556052350e88b717a54207986f006678b586340fb05f295a01428063d9de178d364500935a386e240fa99ff4ce080661757261200f7e610800000000056175726101011433651eff59596199de4c46bf13264a510e946b7d8d9cba523abea43022024333823bcfe9fa2e7a19c34912a9a1599544054d05aba23dfb25051e839cea0d874647060008bb05d1fdf82714dfda721613516afb4195193502f6425d5ee976874878c427000050005431030000300000800000080000000000100000c8000005000000050000000a0000000a000000000000000000000000005000000010000700e87648170200400104000000040000000000000000000000000000000000000000000000000000000000000000000000080000000020000004000000040000000000100000b0040000000000000000000014000000040000000400000000000000010100000000060000006400000002000000190000000000000002000000020000000700c817a804020040010002000000050000008401bf4dfe9f45441d216ef8943d39a200c8a6bc0f508ccddf2aa37a4e7e673171e1c03e77dfdb8adb10f78f10a5df8742c5452fb005a9a953ade40a13a93c079f9c483b422ced09dbfbf24771bcb3291662dec83f0004b49d95320d9021994c850f25b8e385c098a90cabda665acda88ae6db9553f5b2cb95df7cd7fa475bff1911412e4a96c45e414cb008e0e61e46722aa60abdd67280c769039c4bf3233c15a043b8d500b52decb21ec77f499c28d8dced071d6e9c92c45ee678799d3eff024253b90e84927cc680f97bfdb08d0b430000153f21a119fba6b4893cdd5093f48a4b78e30645c0b312150180001480ea450432fd5cad8c439472a96fab32c49a040635584efe6f0590a42d3e33638c800ffd5f4a19f24505809de1fda3e364abf616c2e77fb52ef4f5596cf96778eeda15018001108006cd36ebcc3e51cb6411860fcabfaa3a41a03d09286e9ac054485ff576d075cb800ebe650369ce0e3ce85b22816181f598cc6ecf7a3b22314357ab4181b9ccb8671501800110805d11b4e763223f99ac4fe640db8d8ac306ab5a1938e5c6552038a9822791bafb803fe8806476ec84a776376a4dd1d7d7e1236a0f2b546d202603a1cd7a6e1e0f5e1d028004648031b60c9237ed343094831987f2bec10b211621255ad0b440cf161fa820d30db480f6f6801e4b41e2e6d8ec194dba122bfb9eb33feb2545ef5144cea79551f7cc528066b2235b962427f88bbed78fdd6bcd843778ede5a9cc19d2be47843e3e0a2e9680adb82bea5065ed5fe6bb9f20e0bdfd46309a4cb179ed550d04bf952817cac129a102801017802fe88e2b970d8495356662818577819e804c3fd7c1b5af034334df6a9ead32ad8038f5c136db5bdb74d6a62722e6ea23af4fe820eb7fe28dee3a5f76d637dd3376805c8c20efc60bde844c44413207f8827cf0cde205407f7ed2936319dd0409aa2f8065a1214a991ac85d93f38385d6f52af7b4ddcf56e589fcb92c8d9e8f27291c9280061a695f10c3d2ad35493733675dd9360ae8329a31643af1e66cb14c43f2a2199901802500806e3ea110ec3afb2d055eb351db1d10b7f107b4831359e71fb22c52583a5f971980dc464717fe3438ebb12469aa87aac2d84caf52ec37244c68438353f84958b75080b23f6df1ce7790834d9483c2153d0bb9740e8a684c7283a3028b197bccbd89619901806001807d15ea5039b964b37b7d540bdcd7d21c1f704aaca136ea7a0d8a265e3042618780e829b695f17a91e63e60bbcdc2391ae5b38a9208767a9adc7e88a547617908cf803af83a5a4be670357cff2cd98412cd2a3a9050aea9f4b916f1c71d63463673d31d028088148027ab5b8c90a2cd75c2091edc049d29a05b966a96d7dc8001174b119fd717cc6d80a7503c09f2379bfd9e22f7f111b0fd0165f9ac4f25983d72b95a8ce0534b80dc807c3fee2dd3b033e25fb536e1083677d1844009ffc645d74442b803f08ab4fc9c80ff3a467521971048d5b6464f7cc247d8d8b7dab2c38e320feefce0fb1c5573e94d0880ffff80980217c81756904dc19f1a8eef980ef7b3b0e23c74c4bc8dca5a6258e33be7d680c67ef76e547caf454a548b7de5c1edecbf0e9d2bbf59bc3dc9318a7fd56ac89480c67d3c147036e27ba5d63673b997c1803c15006fece991c284b5c4608ca607ee8042a52906fa7e9f0470a75fb9ad3ffebaebe010e57954a0b14c098bca9b41e2c78007faeda13dc4ef0bacb0808eea1fd0ce8801e95f61c83d14238b4ac18bc46a3880d369ab817aed5006307c646893055e979318b613c81649b71500940e84e76cb080857e4b8606578c3d97543154d6cf50a31c2f11b93c7c866aeee8ef0bf49e5c56805b682132c52908705526057f73ab7fccab4af6d72a9805634dd8d3cc53f130d180a01ec5a84f6d01a00ebfd3e19f7e3a514784fc71900d5b3858cc9d5044217064806c7c57d05d92489314cb35260fd14a03738c32789eef474ce6ec229f4ff530f28005449b677e470ad56663bc1c9d2303d0ab3e35288fe424a73dccedfa7023df88806ade44817083c0d2be5ae51e9f3114502f21a33f5f0c4f6d39b12c37757b446180f339b8fca6653b6f62946d8ef3e2cd751da2769ab9fe37457117b10e97d1e19280a289b8fd61aab8d26a0794cb137b98cec99f19a9dc9e6df0330706ac66b72fbf806bfdbbf0e0bedcb993b65c9cea1e929a56d78a3b7bc53d1b7ca6fc488e2295ee80e8f21c4fdb4ae8fec38b02396b264e3be2cb05c114f7a65d63b39df36e4f0f6ef1019d0da05ca59913bc38a8630590f2627c154080040976afe73be25129461b6efa2160dcc42029ca087ecfa986289f9fffe7e8454c5f0a351b6a99a5b21324516e668bb86a570400505f0e7b9012096b41c4eb3aaf947f6ea4290800007c7700e67da63472835bb0b737093a19ad4c63f5a4efb16ffa83d00700000400ec9e207f03cfdce586301014700e2c25931040505f0e7b9012096b41c4eb3aaf947f6ea4290801004c5f0ec2d17a76153ff51817f12d9cfc3c7f0400a1049e710b30bd2eab0352ddcc26417aa1945fc380699a53b51a9709a3a86039c49b5ef278e9fc244dae27e1a0380c91bff5b0488580b3547e5c6661c19629f35de175e12e597f1d148fe0f27692dddb04cd03697fbb7c77081e0bfde17b36573208a06cb5cfba6b63f5a4efb16ffa83d0070000040280e1677fb3814d2445c4fd87ff56f691901c18a2b1ea655819ab1d29000b751560505f0e7b9012096b41c4eb3aaf947f6ea4290800004c5f03c716fb8fff3de61a883bb76adb34a20400808b191941cd86abd533828ddaa4fa2c7f542f9b66dc3d69a296879d68412d33bb4c5f0f4993f016e2d2f8e5f43be7bb259486040080fa40b8a05ae7ad5111803742b4cb8a97bd479626d4cd4f76bf1d88e2793c45724c5f0dad6eef5c4b1c68eaa71ea17a02d9de0400f9049eb6f36e027abb2091cfb5110ab5087ff96c685f06155b3cd9a8c9e5e9a23fd5dc13a5ed2021fcc21000000000685f08316cbf8fa0da822a20ac1c55bf1be3200908000000000000505f0e7b9012096b41c4eb3aaf947f6ea429080000805249fce222639a86ff2ad4b9f82874ba73fe3f9414b5c1663a9ca434dc6acaa9803cb06022f651427bb81cbd55bafa71b9b6a75b70689b712a51851fee5f7e3bf18041643b2823ba4f551f05355d33969898610aa0d16478639b00132f0906119a8d80b69c03e89d516e6f7a78651183dff8caa4e13a1a836fded5a4b20e630a5d9fe980f4e8601867a320f3a8206502f217f6fb2923973af31a546ae911f1833f555f2180d5080f5c8b6c60021bdff063cd66ef0ca266ce2b875fe29c0f2e58b058551a17685f090e2fbf2d792cb324bffa9427fe1f0e20404606000847060021019ede3d8a54d27e44a9d5ce189618f22d1008505f0e7b9012096b41c4eb3aaf947f6ea429080500803fa31159ebc5bfa773b62b9c1af9970bfcb50e532bf18f5b05e6fbd9581a6302a1019ef78c98723ddc9073523ef3beefda0c1044505f0e7b9012096b41c4eb3aaf947f6ea4290800007c77095dac46c07a40d91506e7637ec4ba5763f5a4efb16ffa83d00700000400808f7ca85f1bfba5d6a50d1377807337f6aac674db069e7169a9d80fe2e62cdff40000",
    ],
    "header": {
      "digest": {
        "logs": [
          {
            "preRuntime": [
              "0x61757261",
              "0x107e610800000000",
            ],
          },
          {
            "seal": [
              "0x61757261",
              "0x9cdf9b9fec5d8820a9c6d47dffe4f4616897ae8b4607613c246229be79c1366735d35597a9e68fd8a399aa502020f8f8d83e5c70c5f9754c01f79b602c147d8e",
            ],
          },
        ],
      },
      "extrinsicsRoot": "0x25af5111edadd24ed8fd3d7005a00756d12e1f6a4cb08718b80491c998cf6b82",
      "number": 150310,
      "parentHash": "0x8c08f976ecb2c6951a687dcc742d6667c7a79e0284b54f8d95602abd60ca2a7b",
      "stateRoot": "0x80b7150490d7fff89d0a105b01c1ff5b376c8841559dee8cedc90ff3292e1ab3",
    },
  },
  "justifications": null,
}
`;

exports[`chain rpc > getXXX 6`] = `
{
  "block": {
    "extrinsics": [
      "0x280401000bac45f5d98801",
      "0xc12f04a000e90271bf740b839b4cd479c27d19812ecdc4f71c0b9473c1fee3b0fe4c332d1a0294962c09002e09a187ac50f711cb69cf9f14d4eb93328067556052350e88b717a54207986f006678b586340fb05f295a01428063d9de178d364500935a386e240fa99ff4ce080661757261200f7e610800000000056175726101011433651eff59596199de4c46bf13264a510e946b7d8d9cba523abea43022024333823bcfe9fa2e7a19c34912a9a1599544054d05aba23dfb25051e839cea0d874647060008bb05d1fdf82714dfda721613516afb4195193502f6425d5ee976874878c427000050005431030000300000800000080000000000100000c8000005000000050000000a0000000a000000000000000000000000005000000010000700e87648170200400104000000040000000000000000000000000000000000000000000000000000000000000000000000080000000020000004000000040000000000100000b0040000000000000000000014000000040000000400000000000000010100000000060000006400000002000000190000000000000002000000020000000700c817a804020040010002000000050000008401bf4dfe9f45441d216ef8943d39a200c8a6bc0f508ccddf2aa37a4e7e673171e1c03e77dfdb8adb10f78f10a5df8742c5452fb005a9a953ade40a13a93c079f9c483b422ced09dbfbf24771bcb3291662dec83f0004b49d95320d9021994c850f25b8e385c098a90cabda665acda88ae6db9553f5b2cb95df7cd7fa475bff1911412e4a96c45e414cb008e0e61e46722aa60abdd67280c769039c4bf3233c15a043b8d500b52decb21ec77f499c28d8dced071d6e9c92c45ee678799d3eff024253b90e84927cc680f97bfdb08d0b430000153f21a119fba6b4893cdd5093f48a4b78e30645c0b312150180001480ea450432fd5cad8c439472a96fab32c49a040635584efe6f0590a42d3e33638c800ffd5f4a19f24505809de1fda3e364abf616c2e77fb52ef4f5596cf96778eeda15018001108006cd36ebcc3e51cb6411860fcabfaa3a41a03d09286e9ac054485ff576d075cb800ebe650369ce0e3ce85b22816181f598cc6ecf7a3b22314357ab4181b9ccb8671501800110805d11b4e763223f99ac4fe640db8d8ac306ab5a1938e5c6552038a9822791bafb803fe8806476ec84a776376a4dd1d7d7e1236a0f2b546d202603a1cd7a6e1e0f5e1d028004648031b60c9237ed343094831987f2bec10b211621255ad0b440cf161fa820d30db480f6f6801e4b41e2e6d8ec194dba122bfb9eb33feb2545ef5144cea79551f7cc528066b2235b962427f88bbed78fdd6bcd843778ede5a9cc19d2be47843e3e0a2e9680adb82bea5065ed5fe6bb9f20e0bdfd46309a4cb179ed550d04bf952817cac129a102801017802fe88e2b970d8495356662818577819e804c3fd7c1b5af034334df6a9ead32ad8038f5c136db5bdb74d6a62722e6ea23af4fe820eb7fe28dee3a5f76d637dd3376805c8c20efc60bde844c44413207f8827cf0cde205407f7ed2936319dd0409aa2f8065a1214a991ac85d93f38385d6f52af7b4ddcf56e589fcb92c8d9e8f27291c9280061a695f10c3d2ad35493733675dd9360ae8329a31643af1e66cb14c43f2a2199901802500806e3ea110ec3afb2d055eb351db1d10b7f107b4831359e71fb22c52583a5f971980dc464717fe3438ebb12469aa87aac2d84caf52ec37244c68438353f84958b75080b23f6df1ce7790834d9483c2153d0bb9740e8a684c7283a3028b197bccbd89619901806001807d15ea5039b964b37b7d540bdcd7d21c1f704aaca136ea7a0d8a265e3042618780e829b695f17a91e63e60bbcdc2391ae5b38a9208767a9adc7e88a547617908cf803af83a5a4be670357cff2cd98412cd2a3a9050aea9f4b916f1c71d63463673d31d028088148027ab5b8c90a2cd75c2091edc049d29a05b966a96d7dc8001174b119fd717cc6d80a7503c09f2379bfd9e22f7f111b0fd0165f9ac4f25983d72b95a8ce0534b80dc807c3fee2dd3b033e25fb536e1083677d1844009ffc645d74442b803f08ab4fc9c80ff3a467521971048d5b6464f7cc247d8d8b7dab2c38e320feefce0fb1c5573e94d0880ffff80980217c81756904dc19f1a8eef980ef7b3b0e23c74c4bc8dca5a6258e33be7d680c67ef76e547caf454a548b7de5c1edecbf0e9d2bbf59bc3dc9318a7fd56ac89480c67d3c147036e27ba5d63673b997c1803c15006fece991c284b5c4608ca607ee8042a52906fa7e9f0470a75fb9ad3ffebaebe010e57954a0b14c098bca9b41e2c78007faeda13dc4ef0bacb0808eea1fd0ce8801e95f61c83d14238b4ac18bc46a3880d369ab817aed5006307c646893055e979318b613c81649b71500940e84e76cb080857e4b8606578c3d97543154d6cf50a31c2f11b93c7c866aeee8ef0bf49e5c56805b682132c52908705526057f73ab7fccab4af6d72a9805634dd8d3cc53f130d180a01ec5a84f6d01a00ebfd3e19f7e3a514784fc71900d5b3858cc9d5044217064806c7c57d05d92489314cb35260fd14a03738c32789eef474ce6ec229f4ff530f28005449b677e470ad56663bc1c9d2303d0ab3e35288fe424a73dccedfa7023df88806ade44817083c0d2be5ae51e9f3114502f21a33f5f0c4f6d39b12c37757b446180f339b8fca6653b6f62946d8ef3e2cd751da2769ab9fe37457117b10e97d1e19280a289b8fd61aab8d26a0794cb137b98cec99f19a9dc9e6df0330706ac66b72fbf806bfdbbf0e0bedcb993b65c9cea1e929a56d78a3b7bc53d1b7ca6fc488e2295ee80e8f21c4fdb4ae8fec38b02396b264e3be2cb05c114f7a65d63b39df36e4f0f6ef1019d0da05ca59913bc38a8630590f2627c154080040976afe73be25129461b6efa2160dcc42029ca087ecfa986289f9fffe7e8454c5f0a351b6a99a5b21324516e668bb86a570400505f0e7b9012096b41c4eb3aaf947f6ea4290800007c7700e67da63472835bb0b737093a19ad4c63f5a4efb16ffa83d00700000400ec9e207f03cfdce586301014700e2c25931040505f0e7b9012096b41c4eb3aaf947f6ea4290801004c5f0ec2d17a76153ff51817f12d9cfc3c7f0400a1049e710b30bd2eab0352ddcc26417aa1945fc380699a53b51a9709a3a86039c49b5ef278e9fc244dae27e1a0380c91bff5b0488580b3547e5c6661c19629f35de175e12e597f1d148fe0f27692dddb04cd03697fbb7c77081e0bfde17b36573208a06cb5cfba6b63f5a4efb16ffa83d0070000040280e1677fb3814d2445c4fd87ff56f691901c18a2b1ea655819ab1d29000b751560505f0e7b9012096b41c4eb3aaf947f6ea4290800004c5f03c716fb8fff3de61a883bb76adb34a20400808b191941cd86abd533828ddaa4fa2c7f542f9b66dc3d69a296879d68412d33bb4c5f0f4993f016e2d2f8e5f43be7bb259486040080fa40b8a05ae7ad5111803742b4cb8a97bd479626d4cd4f76bf1d88e2793c45724c5f0dad6eef5c4b1c68eaa71ea17a02d9de0400f9049eb6f36e027abb2091cfb5110ab5087ff96c685f06155b3cd9a8c9e5e9a23fd5dc13a5ed2021fcc21000000000685f08316cbf8fa0da822a20ac1c55bf1be3200908000000000000505f0e7b9012096b41c4eb3aaf947f6ea429080000805249fce222639a86ff2ad4b9f82874ba73fe3f9414b5c1663a9ca434dc6acaa9803cb06022f651427bb81cbd55bafa71b9b6a75b70689b712a51851fee5f7e3bf18041643b2823ba4f551f05355d33969898610aa0d16478639b00132f0906119a8d80b69c03e89d516e6f7a78651183dff8caa4e13a1a836fded5a4b20e630a5d9fe980f4e8601867a320f3a8206502f217f6fb2923973af31a546ae911f1833f555f2180d5080f5c8b6c60021bdff063cd66ef0ca266ce2b875fe29c0f2e58b058551a17685f090e2fbf2d792cb324bffa9427fe1f0e20404606000847060021019ede3d8a54d27e44a9d5ce189618f22d1008505f0e7b9012096b41c4eb3aaf947f6ea429080500803fa31159ebc5bfa773b62b9c1af9970bfcb50e532bf18f5b05e6fbd9581a6302a1019ef78c98723ddc9073523ef3beefda0c1044505f0e7b9012096b41c4eb3aaf947f6ea4290800007c77095dac46c07a40d91506e7637ec4ba5763f5a4efb16ffa83d00700000400808f7ca85f1bfba5d6a50d1377807337f6aac674db069e7169a9d80fe2e62cdff40000",
    ],
    "header": {
      "digest": {
        "logs": [
          {
            "preRuntime": [
              "0x61757261",
              "0x107e610800000000",
            ],
          },
          {
            "seal": [
              "0x61757261",
              "0x9cdf9b9fec5d8820a9c6d47dffe4f4616897ae8b4607613c246229be79c1366735d35597a9e68fd8a399aa502020f8f8d83e5c70c5f9754c01f79b602c147d8e",
            ],
          },
        ],
      },
      "extrinsicsRoot": "0x25af5111edadd24ed8fd3d7005a00756d12e1f6a4cb08718b80491c998cf6b82",
      "number": 150310,
      "parentHash": "0x8c08f976ecb2c6951a687dcc742d6667c7a79e0284b54f8d95602abd60ca2a7b",
      "stateRoot": "0x80b7150490d7fff89d0a105b01c1ff5b376c8841559dee8cedc90ff3292e1ab3",
    },
  },
  "justifications": null,
}
`;

exports[`chain rpc > getXXX 7`] = `
{
  "block": {
    "extrinsics": [],
    "header": {
      "digest": {
        "logs": [],
      },
      "extrinsicsRoot": "0x03170a2e7597b7b7e3d84c05391d139a62b157e78786d8c082f29dcf4c111314",
      "number": 0,
      "parentHash": "0x0000000000000000000000000000000000000000000000000000000000000000",
      "stateRoot": "0x56ab2235f84930fc77ea7562081b9f9d02d6bb228fc47213dafd1bab40fa5475",
    },
  },
  "justifications": null,
}
`;

exports[`chain rpc > getXXX 8`] = `
{
  "block": {
    "extrinsics": [
      "0x280401000bfef3ea6b8801",
      "0xb92f04a000e10208fa8da86c5752849295069f397becba0b507958a838b1af5cb0dcb8d27e2cf49d0f0dddec16f50ee40444f6e86a30f6cde56c59ff6d3af0a7165ea9e7763b6bd340bde1398a6b7fa1202cc811895c86e5fa63440beae0dbb1d35537e6116c40d43c0806617572612017255f080000000005617572610101c035fad60457d2bf90cb5690a4f67ec6f1161ed94ef95a7d2ece67f757a2092afe720f4d8ff5abce5d0fe14413e445fcb4a1d5e04901e88514ed0e0148f39086579501005f5138fcc60722fb852d233700273359b6bec174b3ea390ae5126e762eb840d0000050005431030000300000800000080000000000100000c8000005000000050000000a0000000a000000000000000000000000005000000010000700e87648170200400104000000040000000000000000000000000000000000000000000000000000000000000000000000080000000020000004000000040000000000100000b0040000000000000000000014000000040000000400000000000000010100000000060000006400000002000000190000000000000002000000020000000700c817a8040200400100020000000500000084015aaa90836ca342be4db8b68ddfbef3bd8c6acdb10425c3326d1e54d6f12d1351c03e77dfdb8adb10f78f10a5df8742c545a80e7638d06c19e061a57764d4520f81b7e76a7611a2a01fa8b696ec1b29c9b4c83f0004b49d95320d9021994c850f25b8e385c098a90cabda665acda88ae6db9553f5b2cb95df7cd7fa475bff1911412e4a96c45e414cb008e0e61e46722aa60abdd672807e47486c1bcd431bfae88b94dd9e6117510f5de23ccfb3cf9c6d8a710e9e36b5c45ee678799d3eff024253b90e84927cc68029e3adf2bd628c10c0a57edab33bf3a5bbc38a801653bdcd9e1ceda340cc1072150180001480e88957ccfa4db2190dd98cfca49f40183cf293b94e1786e11f59e2aa89e6218080701095f0c1f189a299dba8502ad2b096045b90bab2e5ae12adde83356b6c1e671501800110800af700bdf441f6e884df331372629f073b91baf83ad7980e03bf4e5483687df48070d9a65eb17c402586b842fbead13a4b9770309ca23d6f66d6ff64999e783ab0150180011080cf3e879f6dbacb7453b811f1731eb51b00093525b431cbc76e9be14db0591f31800ebe650369ce0e3ce85b22816181f598cc6ecf7a3b22314357ab4181b9ccb8671d028004648031b60c9237ed343094831987f2bec10b211621255ad0b440cf161fa820d30db480f6f6801e4b41e2e6d8ec194dba122bfb9eb33feb2545ef5144cea79551f7cc528065ae8caed5ebd25678a52339b46945d46ec6bead3965a595e7bec400158205348090c0f7155a73752a316fe20179020f3d8563d73e606b660e0a3a100f10357d7ca102801017802fe88e2b970d8495356662818577819e804c3fd7c1b5af034334df6a9ead32ad8038f5c136db5bdb74d6a62722e6ea23af4fe820eb7fe28dee3a5f76d637dd3376808b965a5bfb6c75475d2caa773e28b9ed5c79594c03cffcd0404141b09324dcd18065a1214a991ac85d93f38385d6f52af7b4ddcf56e589fcb92c8d9e8f27291c92804117444c80ed7bb199407fdb4f5477974473ec914a0a016afb882ce2188804d7990180250080ea1422da980b8e8aecb3fef19b1ac831d7fa009cbf1aaac2cd4a251182888f3e80dc464717fe3438ebb12469aa87aac2d84caf52ec37244c68438353f84958b75080b23f6df1ce7790834d9483c2153d0bb9740e8a684c7283a3028b197bccbd89619901806001807d15ea5039b964b37b7d540bdcd7d21c1f704aaca136ea7a0d8a265e3042618780e829b695f17a91e63e60bbcdc2391ae5b38a9208767a9adc7e88a547617908cf80113818cf20e0b4f812aa0817eab6236bd116c7ccdf3ce1be2c64dbd7e73e291d1d028088148027ab5b8c90a2cd75c2091edc049d29a05b966a96d7dc8001174b119fd717cc6d80a7503c09f2379bfd9e22f7f111b0fd0165f9ac4f25983d72b95a8ce0534b80dc80d1c9e6a76a01be190ac173b1b2328b97ba3fb770718e86cbbf158af95b0c418580ff3a467521971048d5b6464f7cc247d8d8b7dab2c38e320feefce0fb1c5573e94d0880ffff80ac38c4a112a8cf887d263bc2860ff2b47b2a7f57656fd4d7e2e33aaa1f7ba206803c12ef692421766ff92d90990aed55073549b1c1136f703c73ac8e1aeaac442180484d6d422420a581c9473bab59794b4a6fd37a098de8ddc07712f1300231ed7280b4401a07dc53d67b173b2b44e77d01fe7022080b5fde327d7b36371c179c46e4808ffe85431f59b9d1b8a190aabc40cf93a8f6189e20703625f41606ee0477731f80b3333e3cf852b748de60787ecbf1c4549862c70d5e9bc5dcf038f788fff268b6803cd4901e865c803a79ab011b483f651bdc74cd186869532178432505f4b73b28805b682132c52908705526057f73ab7fccab4af6d72a9805634dd8d3cc53f130d180a01ec5a84f6d01a00ebfd3e19f7e3a514784fc71900d5b3858cc9d504421706480a372aa0bb33d2282d38e068a09b3fc8973f6ed5cf073391b8448d5abbdaeddd280fb91747148957bc97735bb86e4d9ffcc71910dc6177bf9c8c27fbeda8da73f8c8058f1ea05d040bcb98e5c40ae55f5ece7a653613cfc3a12a5973257618127d3a580d22148f521b87c81cee0c3e639f7a0bf887a85c04a8ec78bf9db0245dd173636802735842710f76b4f6eb2207412e92662cb77275ea34e577ec1873c4f53ad471c806bfdbbf0e0bedcb993b65c9cea1e929a56d78a3b7bc53d1b7ca6fc488e2295ee80198c62e821832a8aa16dcb189314837bfa57c07ddef15389b45412007700be78f1019d0da05ca59913bc38a8630590f2627c1540804b774c2655850ce3330eb92f9ac68751c4dcf195c86145af6a93f2531927f3a74c5f0a351b6a99a5b21324516e668bb86a570400505f0e7b9012096b41c4eb3aaf947f6ea4290800007c7700e67da63472835bb0b737093a19ad4c63f5a4efb16ffa83d00700000400ec9e207f03cfdce586301014700e2c25931040505f0e7b9012096b41c4eb3aaf947f6ea4290801004c5f0ec2d17a76153ff51817f12d9cfc3c7f0400a1049e710b30bd2eab0352ddcc26417aa1945fc380699a53b51a9709a3a86039c49b5ef278e9fc244dae27e1a0380c91bff5b0488580d75fdb9dee4dfaef04dc30b261d39f8eadbfe6a505462e9ab105472489b0ec7a7c77081e0bfde17b36573208a06cb5cfba6b63f5a4efb16ffa83d0070000040280e1677fb3814d2445c4fd87ff56f691901c18a2b1ea655819ab1d29000b751560505f0e7b9012096b41c4eb3aaf947f6ea4290800004c5f03c716fb8fff3de61a883bb76adb34a20400808b191941cd86abd533828ddaa4fa2c7f542f9b66dc3d69a296879d68412d33bb4c5f0f4993f016e2d2f8e5f43be7bb259486040080fa40b8a05ae7ad5111803742b4cb8a97bd479626d4cd4f76bf1d88e2793c45724c5f0dad6eef5c4b1c68eaa71ea17a02d9de0400f9049eb6f36e027abb2091cfb5110ab5087ff96c685f06155b3cd9a8c9e5e9a23fd5dc13a5ed20324abe1000000000685f08316cbf8fa0da822a20ac1c55bf1be3200602000000000000505f0e7b9012096b41c4eb3aaf947f6ea429080000805249fce222639a86ff2ad4b9f82874ba73fe3f9414b5c1663a9ca434dc6acaa9803cb06022f651427bb81cbd55bafa71b9b6a75b70689b712a51851fee5f7e3bf1809c706b0e9f3b782df49c2339c20a3777e0513a8c7cf34aa415bd3c67a738938e80b69c03e89d516e6f7a78651183dff8caa4e13a1a836fded5a4b20e630a5d9fe9803fdbd74ccc78787f92b4cf32a41bc6341c9a5bb3599d514a229e010c2abfc03d8041fb80274acdfeaade87ddb061c90e3a57ee96794bbdd9da8f681ed7b6b236fe685f090e2fbf2d792cb324bffa9427fe1f0e20e8930100b094010021019ede3d8a54d27e44a9d5ce189618f22d1008505f0e7b9012096b41c4eb3aaf947f6ea429080500803fa31159ebc5bfa773b62b9c1af9970bfcb50e532bf18f5b05e6fbd9581a6302a1019ef78c98723ddc9073523ef3beefda0c1044505f0e7b9012096b41c4eb3aaf947f6ea4290800007c77095dac46c07a40d91506e7637ec4ba5763f5a4efb16ffa83d00700000400808f7ca85f1bfba5d6a50d1377807337f6aac674db069e7169a9d80fe2e62cdff40000",
    ],
    "header": {
      "digest": {
        "logs": [
          {
            "preRuntime": [
              "0x61757261",
              "0x19255f0800000000",
            ],
          },
          {
            "seal": [
              "0x61757261",
              "0x4a57f2d67786e4d598209c5925e395705323afe73031347755175e1043e01a5406ea8d73ea43e54f3fcec4da3cd8f4d3d730eb4d81317b97d53a0bd6a86c838a",
            ],
          },
        ],
      },
      "extrinsicsRoot": "0x0081aa6655c5099198b72d3dbb0b7afcdf7acce010f9f76af9f68fb61692d789",
      "number": 1000,
      "parentHash": "0xe31371d4bc6ce0d70a7429af4cbabae568307f21dcf8e29ee0284ec5e5fd8c41",
      "stateRoot": "0x8d41e0ad74d4c7695d65dc4ddbcff3fc3fed806e4205e8b7d27a88314267cb63",
    },
  },
  "justifications": null,
}
`;

exports[`chain rpc > getXXX 9`] = `"0xadaa12ed69b66fa094b0d30c408b61dd944529981d9e902f15ed22ef3db54fed"`;

exports[`chain rpc > getXXX 10`] = `"0xadaa12ed69b66fa094b0d30c408b61dd944529981d9e902f15ed22ef3db54fed"`;

exports[`chain rpc > getXXX 11`] = `
{
  "digest": {
    "logs": [
      {
        "preRuntime": [
          "0x61757261",
          "0x117e610800000000",
        ],
      },
      {
        "seal": [
          "0x61757261",
          "0x9cdf9b9fec5d8820a9c6d47dffe4f4616897ae8b4607613c246229be79c1366735d35597a9e68fd8a399aa502020f8f8d83e5c70c5f9754c01f79b602c147d8e",
        ],
      },
    ],
  },
  "extrinsicsRoot": "0x0000000000000000000000000000000000000000000000000000000000000000",
  "number": 150311,
  "parentHash": "0xb0d0c3a59a08e21090211be38f5cac5162c7bf58b0cc751e0efc7ee8e10b3432",
  "stateRoot": "0x0000000000000000000000000000000000000000000000000000000000000000",
}
`;

exports[`chain rpc > getXXX 12`] = `
{
  "block": {
    "extrinsics": [
      "0x280401000b8c74f5d98801",
      "0x311804a000e90271bf740b839b4cd479c27d19812ecdc4f71c0b9473c1fee3b0fe4c332d1a0294962c09002e09a187ac50f711cb69cf9f14d4eb93328067556052350e88b717a54207986f006678b586340fb05f295a01428063d9de178d364500935a386e240fa99ff4ce080661757261200f7e610800000000056175726101011433651eff59596199de4c46bf13264a510e946b7d8d9cba523abea43022024333823bcfe9fa2e7a19c34912a9a1599544054d05aba23dfb25051e839cea0d8748470600cd9c3160691f85a38502eaf5de5c2d33966fbe779cffa9264c173afd9870980c0000500034c45e414cb008e0e61e46722aa60abdd67280c769039c4bf3233c15a043b8d500b52decb21ec77f499c28d8dced071d6e9c92c45ee678799d3eff024253b90e84927cc680f97bfdb08d0b430000153f21a119fba6b4893cdd5093f48a4b78e30645c0b312cc5f0077dfdb8adb10f78f10a5df8742c5458401bf4dfe9f45441d216ef8943d39a200c8a6bc0f508ccddf2aa37a4e7e673171e17d035f04b49d95320d9021994c850f25b8e38531030000300000800000080000000000100000c8000005000000050000000a0000000a000000000000000000000000005000000010000700e87648170200400104000000040000000000000000000000000000000000000000000000000000000000000000000000080000000020000004000000040000000000100000b0040000000000000000000014000000040000000400000000000000010100000000060000006400000002000000190000000000000002000000020000000700c817a80402004001000200000005000000150180001480ea450432fd5cad8c439472a96fab32c49a040635584efe6f0590a42d3e33638c800ffd5f4a19f24505809de1fda3e364abf616c2e77fb52ef4f5596cf96778eeda1501800804809f3ada68c357b5e0a3ebb39ef181acfa9943af4725c244330a4b2c60837612e88097425c486ee3f57ab095f94c7dc030d79c63147ff57c50c90a577e2ad727d2e2a1028043908032f7d8fc384592bc2b1161d835b75c53c9fa161152d9fea389db04ba0ea1d8798039b876c369091155ba02f16d39ee0cf293ee158330c88c2f8f2d969d1844d48c80118f288193e4da2abce3289ebcfe1b730737e817b189512053eb437b1211c9f6808b356c51fc27aa96674f67099f39aea4c971e88f87db52b1a1e8b2947ed9a494809aac78adb36dbefe9351cc38e8b16e57aae01dd04549b3f534d087f5362170476d019e0da05ca59913bc38a8630590f2627c14404c5f0a351b6a99a5b21324516e668bb86a570400505f0e7b9012096b41c4eb3aaf947f6ea4290800007c7700e67da63472835bb0b737093a19ad4c63f5a4efb16ffa83d007000004001d019ef78c98723ddc9073523ef3beefda0c1004505f0e7b9012096b41c4eb3aaf947f6ea4290800007c77095dac46c07a40d91506e7637ec4ba5763f5a4efb16ffa83d00700000400f09f05207f03cfdce586301014700e2c25931040505f0e7b9012096b41c4eb3aaf947f6ea4290801004c5f0ec2d17a76153ff51817f12d9cfc3c7f040025019f06de3d8a54d27e44a9d5ce189618f22d1008505f0e7b9012096b41c4eb3aaf947f6ea429080500805094302eefbd6e0373b5a046eb44654ec96d129ac81d846db2fed3dfca442b8eed029f0cb6f36e027abb2091cfb5110ab5087f9960685f06155b3cd9a8c9e5e9a23fd5dc13a5ed2021fcc21000000000685f08316cbf8fa0da822a20ac1c55bf1be3200908000000000000505f0e7b9012096b41c4eb3aaf947f6ea4290800008041643b2823ba4f551f05355d33969898610aa0d16478639b00132f0906119a8d802d819bb9a927c511c17023c45b869850b4267cd6cfb1c6c782dabf4a0c3bf571685f090e2fbf2d792cb324bffa9427fe1f0e20404606000847060011029f0d710b30bd2eab0352ddcc26417aa19454827c77081e0bfde17b36573208a06cb5cfba6b63f5a4efb16ffa83d00700000402505f0e7b9012096b41c4eb3aaf947f6ea4290800004c5f03c716fb8fff3de61a883bb76adb34a204004c5f0f4993f016e2d2f8e5f43be7bb25948604004c5f0dad6eef5c4b1c68eaa71ea17a02d9de04000000",
    ],
    "header": {
      "digest": {
        "logs": [
          {
            "preRuntime": [
              "0x61757261",
              "0x117e610800000000",
            ],
          },
          {
            "seal": [
              "0x61757261",
              "0x9cdf9b9fec5d8820a9c6d47dffe4f4616897ae8b4607613c246229be79c1366735d35597a9e68fd8a399aa502020f8f8d83e5c70c5f9754c01f79b602c147d8e",
            ],
          },
        ],
      },
      "extrinsicsRoot": "0x0000000000000000000000000000000000000000000000000000000000000000",
      "number": 150311,
      "parentHash": "0xb0d0c3a59a08e21090211be38f5cac5162c7bf58b0cc751e0efc7ee8e10b3432",
      "stateRoot": "0x0000000000000000000000000000000000000000000000000000000000000000",
    },
  },
  "justifications": null,
}
`;

exports[`chain rpc > subscribeNewHeads 1`] = `
[
  [
    {
      "digest": {
        "logs": [
          {
            "preRuntime": [
              "0x61757261",
              "0x107e610800000000",
            ],
          },
          {
            "seal": [
              "0x61757261",
              "0x9cdf9b9fec5d8820a9c6d47dffe4f4616897ae8b4607613c246229be79c1366735d35597a9e68fd8a399aa502020f8f8d83e5c70c5f9754c01f79b602c147d8e",
            ],
          },
        ],
      },
      "extrinsicsRoot": "0x25af5111edadd24ed8fd3d7005a00756d12e1f6a4cb08718b80491c998cf6b82",
      "number": 150310,
      "parentHash": "0x8c08f976ecb2c6951a687dcc742d6667c7a79e0284b54f8d95602abd60ca2a7b",
      "stateRoot": "0x80b7150490d7fff89d0a105b01c1ff5b376c8841559dee8cedc90ff3292e1ab3",
    },
  ],
]
`;

exports[`chain rpc > subscribeNewHeads 2`] = `"0xadaa12ed69b66fa094b0d30c408b61dd944529981d9e902f15ed22ef3db54fed"`;

exports[`chain rpc > subscribeNewHeads 3`] = `
[
  [
    {
      "digest": {
        "logs": [
          {
            "preRuntime": [
              "0x61757261",
              "0x117e610800000000",
            ],
          },
          {
            "seal": [
              "0x61757261",
              "0x9cdf9b9fec5d8820a9c6d47dffe4f4616897ae8b4607613c246229be79c1366735d35597a9e68fd8a399aa502020f8f8d83e5c70c5f9754c01f79b602c147d8e",
            ],
          },
        ],
      },
      "extrinsicsRoot": "0x0000000000000000000000000000000000000000000000000000000000000000",
      "number": 150311,
      "parentHash": "0xb0d0c3a59a08e21090211be38f5cac5162c7bf58b0cc751e0efc7ee8e10b3432",
      "stateRoot": "0x0000000000000000000000000000000000000000000000000000000000000000",
    },
  ],
]
`;

exports[`chain rpc > subscribeNewHeads 4`] = `"0x713d3e542b7ac7a4d446f10dc58b411ac6644ef1fd16f702941f4d7119116e17"`;
