// Vitest Snapshot v1, https://vitest.dev/guide/snapshot.html

exports[`grandpa rpc > subscribeJustifications 1`] = `
[
  [
    "0x7777777777777777777777777777777777777777777777777777777777777777",
  ],
]
`;

exports[`grandpa rpc > subscribeJustifications 2`] = `"0x7ba5ba52f5b88fa5bcab5c1a0f7e158d845d93e1c70e9a5b42a7c3a9af681ee7"`;
